main.c:33:6:menu	8	static
main.c:49:6:numberTOBCD	32	static
main.c:219:6:HAL_GPIO_EXTI_Callback	32	static
main.c:257:6:PWM_Start	8	static
main.c:263:6:PWM_Stop	8	static
main.c:269:6:PWM_Change_Tone	40	static
main.c:299:5:main	48	static
main.c:412:6:SystemClock_Config	128	static
main.c:467:13:MX_I2C1_Init	8	static
main.c:513:13:MX_RTC_Init	32	static
main.c:575:13:MX_SPI1_Init	8	static
main.c:615:13:MX_TIM1_Init	112	static
main.c:695:13:MX_TIM2_Init	40	static
main.c:740:13:MX_TIM3_Init	64	static
main.c:799:13:MX_TIM15_Init	40	static
main.c:845:13:MX_USART2_UART_Init	8	static
main.c:880:13:MX_USB_PCD_Init	8	static
main.c:911:13:MX_GPIO_Init	56	static
main.c:1013:6:Error_Handler	4	static,ignoring_inline_asm
