stm32f3xx_it.c:325:6:randlevels	256	static
stm32f3xx_it.c:732:6:rancol0	24	static
stm32f3xx_it.c:763:6:randgen	64	static
stm32f3xx_it.c:828:6:updateScreen	40	static
stm32f3xx_it.c:910:6:lose	88	static
stm32f3xx_it.c:943:6:check	8	static
stm32f3xx_it.c:988:6:movescreen	8	static
stm32f3xx_it.c:1004:6:jump	8	static
stm32f3xx_it.c:1076:6:start	16	static
stm32f3xx_it.c:1121:6:NMI_Handler	4	static
stm32f3xx_it.c:1136:6:HardFault_Handler	4	static
stm32f3xx_it.c:1151:6:MemManage_Handler	4	static
stm32f3xx_it.c:1166:6:BusFault_Handler	4	static
stm32f3xx_it.c:1181:6:UsageFault_Handler	4	static
stm32f3xx_it.c:1196:6:SVC_Handler	4	static
stm32f3xx_it.c:1209:6:DebugMon_Handler	4	static
stm32f3xx_it.c:1222:6:PendSV_Handler	4	static
stm32f3xx_it.c:1235:6:SysTick_Handler	8	static
stm32f3xx_it.c:1256:6:EXTI0_IRQHandler	88	static
stm32f3xx_it.c:1282:6:EXTI1_IRQHandler	248	static
stm32f3xx_it.c:1453:6:EXTI2_TSC_IRQHandler	240	static
stm32f3xx_it.c:1530:6:EXTI3_IRQHandler	8	static
stm32f3xx_it.c:1544:6:EXTI4_IRQHandler	8	static
stm32f3xx_it.c:1558:6:TIM1_BRK_TIM15_IRQHandler	8	static
stm32f3xx_it.c:1632:6:TIM2_IRQHandler	88	static
stm32f3xx_it.c:1690:6:TIM3_IRQHandler	8	static
